[INFO] Scanning for projects...
[INFO] 
[INFO] ----------------------< com.picker:BlinkitPicker >----------------------
[INFO] Building  0.0.1-SNAPSHOT
[INFO]   from pom.xml
[INFO] --------------------------------[ jar ]---------------------------------
[INFO] 
[INFO] >>> spring-boot:4.1.0:run (default-cli) > test-compile @ BlinkitPicker >>>
[INFO] 
[INFO] --- resources:3.5.0:resources (default-resources) @ BlinkitPicker ---
[INFO] Copying 1 resource from src/main/resources to target/classes
[INFO] Copying 0 resource from src/main/resources to target/classes
[INFO] 
[INFO] --- compiler:3.15.0:compile (default-compile) @ BlinkitPicker ---
[INFO] Nothing to compile - all classes are up to date.
[INFO] 
[INFO] --- resources:3.5.0:testResources (default-testResources) @ BlinkitPicker ---
[INFO] skip non existing resourceDirectory /home/grym/Programing_Projects/BlinkitPicker/src/test/resources
[INFO] 
[INFO] --- compiler:3.15.0:testCompile (default-testCompile) @ BlinkitPicker ---
[INFO] Nothing to compile - all classes are up to date.
[INFO] 
[INFO] <<< spring-boot:4.1.0:run (default-cli) < test-compile @ BlinkitPicker <<<
[INFO] 
[INFO] 
[INFO] --- spring-boot:4.1.0:run (default-cli) @ BlinkitPicker ---
[INFO] Attaching agents: []

  .   ____          _            __ _ _
 /\\ / ___'_ __ _ _(_)_ __  __ _ \ \ \ \
( ( )\___ | '_ | '_| | '_ \/ _` | \ \ \ \
 \\/  ___)| |_)| | | | | || (_| |  ) ) ) )
  '  |____| .__|_| |_|_| |_\__, | / / / /
 =========|_|==============|___/=/_/_/_/

 :: Spring Boot ::                (v4.1.0)

2026-06-20T01:30:51.901+05:30  INFO 33362 --- [BlinkitPicker] [           main] c.p.B.BlinkitPickerApplication           : Starting BlinkitPickerApplication using Java 26.0.1 with PID 33362 (/home/grym/Programing_Projects/BlinkitPicker/target/classes started by grym in /home/grym/Programing_Projects/BlinkitPicker)
2026-06-20T01:30:51.904+05:30  INFO 33362 --- [BlinkitPicker] [           main] c.p.B.BlinkitPickerApplication           : No active profile set, falling back to 1 default profile: "default"
2026-06-20T01:30:52.750+05:30  INFO 33362 --- [BlinkitPicker] [           main] .s.d.r.c.RepositoryConfigurationDelegate : Bootstrapping Spring Data JPA repositories in DEFAULT mode.
2026-06-20T01:30:52.799+05:30  INFO 33362 --- [BlinkitPicker] [           main] .s.d.r.c.RepositoryConfigurationDelegate : Finished Spring Data repository scanning in 42 ms. Found 1 JPA repository interface.
2026-06-20T01:30:53.321+05:30  INFO 33362 --- [BlinkitPicker] [           main] o.s.boot.tomcat.TomcatWebServer          : Tomcat initialized with port 8080 (http)
2026-06-20T01:30:53.334+05:30  INFO 33362 --- [BlinkitPicker] [           main] o.apache.catalina.core.StandardService   : Starting service [Tomcat]
2026-06-20T01:30:53.334+05:30  INFO 33362 --- [BlinkitPicker] [           main] o.apache.catalina.core.StandardEngine    : Starting Servlet engine: [Apache Tomcat/11.0.22]
2026-06-20T01:30:53.372+05:30  INFO 33362 --- [BlinkitPicker] [           main] b.w.c.s.WebApplicationContextInitializer : Root WebApplicationContext: initialization completed in 1393 ms
2026-06-20T01:30:53.521+05:30  INFO 33362 --- [BlinkitPicker] [           main] org.hibernate.orm.jpa                    : HHH008540: Processing PersistenceUnitInfo [name: default]
2026-06-20T01:30:53.561+05:30  INFO 33362 --- [BlinkitPicker] [           main] org.hibernate.orm.core                   : HHH000001: Hibernate ORM core version 7.4.1.Final
2026-06-20T01:30:53.933+05:30  INFO 33362 --- [BlinkitPicker] [           main] o.s.o.j.p.SpringPersistenceUnitInfo      : No LoadTimeWeaver setup: ignoring JPA class transformer
2026-06-20T01:30:53.959+05:30  INFO 33362 --- [BlinkitPicker] [           main] com.zaxxer.hikari.HikariDataSource       : HikariPool-1 - Starting...
2026-06-20T01:30:54.263+05:30  INFO 33362 --- [BlinkitPicker] [           main] com.zaxxer.hikari.pool.HikariPool        : HikariPool-1 - Added connection org.postgresql.jdbc.PgConnection@111fe921
2026-06-20T01:30:54.264+05:30  INFO 33362 --- [BlinkitPicker] [           main] com.zaxxer.hikari.HikariDataSource       : HikariPool-1 - Start completed.
2026-06-20T01:30:54.328+05:30  INFO 33362 --- [BlinkitPicker] [           main] org.hibernate.orm.connections.pooling    : HHH10001005: Database info:
	Database JDBC URL [jdbc:postgresql://localhost:5432/blinkit_db]
	Database driver: PostgreSQL JDBC Driver
	Database dialect: PostgreSQLDialect
	Database version: 18.4
	Default catalog/schema: blinkit_db/public
	Autocommit mode: undefined/unknown
	Isolation level: READ_COMMITTED [default READ_COMMITTED]
	JDBC fetch size: none
	Pool: DataSourceConnectionProvider
	Minimum pool size: undefined/unknown
	Maximum pool size: undefined/unknown
2026-06-20T01:30:55.243+05:30  INFO 33362 --- [BlinkitPicker] [           main] org.hibernate.orm.core                   : HHH000489: No JTA platform available (set 'hibernate.transaction.jta.platform' to enable JTA platform integration)
2026-06-20T01:30:55.295+05:30  INFO 33362 --- [BlinkitPicker] [           main] j.LocalContainerEntityManagerFactoryBean : Initialized JPA EntityManagerFactory for persistence unit 'default'
2026-06-20T01:30:55.349+05:30  INFO 33362 --- [BlinkitPicker] [           main] o.s.d.j.r.query.QueryEnhancerFactories   : Hibernate is in classpath; If applicable, HQL parser will be used.
2026-06-20T01:30:55.581+05:30  WARN 33362 --- [BlinkitPicker] [           main] JpaBaseConfiguration$JpaWebConfiguration : spring.jpa.open-in-view is enabled by default. Therefore, database queries may be performed during view rendering. Explicitly configure spring.jpa.open-in-view to disable this warning
2026-06-20T01:30:55.661+05:30  WARN 33362 --- [BlinkitPicker] [           main] .s.a.UserDetailsServiceAutoConfiguration : 

Using generated security password: 3c4c250b-dbda-414a-b76a-34f8290af3b4

This generated password is for development use only. Your security configuration must be updated before running your application in production.

2026-06-20T01:30:55.668+05:30  INFO 33362 --- [BlinkitPicker] [           main] r$InitializeUserDetailsManagerConfigurer : Global AuthenticationManager configured with UserDetailsService bean with name inMemoryUserDetailsManager
2026-06-20T01:30:56.076+05:30  WARN 33362 --- [BlinkitPicker] [           main] ConfigServletWebServerApplicationContext : Exception encountered during context initialization - cancelling refresh attempt: org.springframework.context.ApplicationContextException: Failed to start bean 'webServerStartStop'
2026-06-20T01:30:56.078+05:30  INFO 33362 --- [BlinkitPicker] [           main] j.LocalContainerEntityManagerFactoryBean : Closing JPA EntityManagerFactory for persistence unit 'default'
2026-06-20T01:30:56.081+05:30  INFO 33362 --- [BlinkitPicker] [           main] com.zaxxer.hikari.HikariDataSource       : HikariPool-1 - Shutdown initiated...
2026-06-20T01:30:56.094+05:30  INFO 33362 --- [BlinkitPicker] [           main] com.zaxxer.hikari.HikariDataSource       : HikariPool-1 - Shutdown completed.
2026-06-20T01:30:56.104+05:30  INFO 33362 --- [BlinkitPicker] [           main] .s.b.a.l.ConditionEvaluationReportLogger : 

Error starting ApplicationContext. To display the condition evaluation report re-run your application with 'debug' enabled.
2026-06-20T01:30:56.115+05:30 ERROR 33362 --- [BlinkitPicker] [           main] o.s.b.d.LoggingFailureAnalysisReporter   : 

***************************
APPLICATION FAILED TO START
***************************

Description:

Web server failed to start. Port 8080 was already in use.

Action:

Identify and stop the process that's listening on port 8080 or configure this application to listen on another port.

[INFO] ------------------------------------------------------------------------
[INFO] BUILD FAILURE
[INFO] ------------------------------------------------------------------------
[INFO] Total time:  7.249 s
[INFO] Finished at: 2026-06-20T01:30:56+05:30
[INFO] ------------------------------------------------------------------------
[ERROR] Failed to execute goal org.springframework.boot:spring-boot-maven-plugin:4.1.0:run (default-cli) on project BlinkitPicker: Process terminated with exit code: 1 -> [Help 1]
[ERROR] 
[ERROR] To see the full stack trace of the errors, re-run Maven with the -e switch.
[ERROR] Re-run Maven using the -X switch to enable full debug logging.
[ERROR] 
[ERROR] For more information about the errors and possible solutions, please read the following articles:
[ERROR] [Help 1] http://cwiki.apache.org/confluence/display/MAVEN/MojoExecutionException
